// Vitest Snapshot v1

exports[`List > It would match snapshot 1`] = `
<div
  className="listContainer light"
>
  <div
    className="listContainer"
  >
    <h1
      data-testid="title"
    >
      TITLE
    </h1>
    <form
      className="search"
      onSubmit={[Function]}
    >
      <label
        htmlFor="search-input"
      >
        Search
      </label>
      <input
        className="light"
        id="search-input"
        name="search"
      />
      <button
        className="light"
        id="search-button"
      >
        Search
      </button>
    </form>
    <div
      className="table-container-pagination"
    >
      <form
        className="table-container-pagination-select"
      >
        <label
          className="light"
          htmlFor="nbOfRows"
        >
          Rows per page :
        </label>
        <select
          data-testid="nbOfRows-select"
          id="nbOfRows-list"
          onChange={[Function]}
        >
          <option
            data-testid="select-option"
          >
            10
          </option>
          <option
            data-testid="select-option"
          >
            20
          </option>
          <option
            data-testid="select-option"
          >
            30
          </option>
          <option
            data-testid="select-option"
          >
            50
          </option>
          <option
            data-testid="select-option"
          >
            100
          </option>
        </select>
      </form>
      <div
        className="table-container-pagination-btnContainer light"
      >
        <button
          className="table-container-pagination-btnContainer-btn"
          data-testid="pagination-arrow-btn"
          onClick={[Function]}
        >
          <svg
            className="arrow-previous"
            viewBox="0 0 384 512"
            xmlns="http://www.w3.org/2000/svg"
          >
            <path
              d="M214.6 41.4c-12.5-12.5-32.8-12.5-45.3 0l-160 160c-12.5 12.5-12.5 32.8 0 45.3s32.8 12.5 45.3 0L160 141.2V448c0 17.7 14.3 32 32 32s32-14.3 32-32V141.2L329.4 246.6c12.5 12.5 32.8 12.5 45.3 0s12.5-32.8 0-45.3l-160-160z"
            />
          </svg>
        </button>
        <div
          className="table-container-pagination-btnContainer-currentPage"
        >
          1
        </div>
        <button
          className="table-container-pagination-btnContainer-btn"
          data-testid="pagination-arrow-btn"
          onClick={[Function]}
        >
          <svg
            className="arrow-next"
            viewBox="0 0 384 512"
            xmlns="http://www.w3.org/2000/svg"
          >
            <path
              d="M214.6 41.4c-12.5-12.5-32.8-12.5-45.3 0l-160 160c-12.5 12.5-12.5 32.8 0 45.3s32.8 12.5 45.3 0L160 141.2V448c0 17.7 14.3 32 32 32s32-14.3 32-32V141.2L329.4 246.6c12.5 12.5 32.8 12.5 45.3 0s12.5-32.8 0-45.3l-160-160z"
            />
          </svg>
        </button>
      </div>
    </div>
    <table
      className="table"
      style={
        {
          "width": "860px",
        }
      }
    >
      <thead
        className="table-header"
      >
        <tr
          className="table-header-row-light"
        >
          <th
            style={
              {
                "minWidth": "80px",
              }
            }
          >
            Prenom
            <svg
              className="sort-svg-light"
              data-testid="sort-arrow"
              onClick={[Function]}
              viewBox="0 0 256 512"
              xmlns="http://www.w3.org/2000/svg"
            >
              <path
                d="M145.6 7.7C141 2.8 134.7 0 128 0s-13 2.8-17.6 7.7l-104 112c-6.5 7-8.2 17.2-4.4 25.9S14.5 160 24 160H80V352H24c-9.5 0-18.2 5.7-22 14.4s-2.1 18.9 4.4 25.9l104 112c4.5 4.9 10.9 7.7 17.6 7.7s13-2.8 17.6-7.7l104-112c6.5-7 8.2-17.2 4.4-25.9s-12.5-14.4-22-14.4H176V160h56c9.5 0 18.2-5.7 22-14.4s2.1-18.9-4.4-25.9l-104-112z"
              />
            </svg>
          </th>
          <th
            style={
              {
                "minWidth": "90px",
              }
            }
          >
            Nom
            <svg
              className="sort-svg-light"
              data-testid="sort-arrow"
              onClick={[Function]}
              viewBox="0 0 256 512"
              xmlns="http://www.w3.org/2000/svg"
            >
              <path
                d="M145.6 7.7C141 2.8 134.7 0 128 0s-13 2.8-17.6 7.7l-104 112c-6.5 7-8.2 17.2-4.4 25.9S14.5 160 24 160H80V352H24c-9.5 0-18.2 5.7-22 14.4s-2.1 18.9 4.4 25.9l104 112c4.5 4.9 10.9 7.7 17.6 7.7s13-2.8 17.6-7.7l104-112c6.5-7 8.2-17.2 4.4-25.9s-12.5-14.4-22-14.4H176V160h56c9.5 0 18.2-5.7 22-14.4s2.1-18.9-4.4-25.9l-104-112z"
              />
            </svg>
          </th>
          <th
            style={
              {
                "minWidth": "90px",
              }
            }
          >
            Date de Naissance
            <svg
              className="sort-svg-light"
              data-testid="sort-arrow"
              onClick={[Function]}
              viewBox="0 0 256 512"
              xmlns="http://www.w3.org/2000/svg"
            >
              <path
                d="M145.6 7.7C141 2.8 134.7 0 128 0s-13 2.8-17.6 7.7l-104 112c-6.5 7-8.2 17.2-4.4 25.9S14.5 160 24 160H80V352H24c-9.5 0-18.2 5.7-22 14.4s-2.1 18.9 4.4 25.9l104 112c4.5 4.9 10.9 7.7 17.6 7.7s13-2.8 17.6-7.7l104-112c6.5-7 8.2-17.2 4.4-25.9s-12.5-14.4-22-14.4H176V160h56c9.5 0 18.2-5.7 22-14.4s2.1-18.9-4.4-25.9l-104-112z"
              />
            </svg>
          </th>
          <th
            style={
              {
                "minWidth": "90px",
              }
            }
          >
            Date de Debut
            <svg
              className="sort-svg-light"
              data-testid="sort-arrow"
              onClick={[Function]}
              viewBox="0 0 256 512"
              xmlns="http://www.w3.org/2000/svg"
            >
              <path
                d="M145.6 7.7C141 2.8 134.7 0 128 0s-13 2.8-17.6 7.7l-104 112c-6.5 7-8.2 17.2-4.4 25.9S14.5 160 24 160H80V352H24c-9.5 0-18.2 5.7-22 14.4s-2.1 18.9 4.4 25.9l104 112c4.5 4.9 10.9 7.7 17.6 7.7s13-2.8 17.6-7.7l104-112c6.5-7 8.2-17.2 4.4-25.9s-12.5-14.4-22-14.4H176V160h56c9.5 0 18.2-5.7 22-14.4s2.1-18.9-4.4-25.9l-104-112z"
              />
            </svg>
          </th>
          <th
            style={
              {
                "minWidth": "200px",
              }
            }
          >
            Rue
            <svg
              className="sort-svg-light"
              data-testid="sort-arrow"
              onClick={[Function]}
              viewBox="0 0 256 512"
              xmlns="http://www.w3.org/2000/svg"
            >
              <path
                d="M145.6 7.7C141 2.8 134.7 0 128 0s-13 2.8-17.6 7.7l-104 112c-6.5 7-8.2 17.2-4.4 25.9S14.5 160 24 160H80V352H24c-9.5 0-18.2 5.7-22 14.4s-2.1 18.9 4.4 25.9l104 112c4.5 4.9 10.9 7.7 17.6 7.7s13-2.8 17.6-7.7l104-112c6.5-7 8.2-17.2 4.4-25.9s-12.5-14.4-22-14.4H176V160h56c9.5 0 18.2-5.7 22-14.4s2.1-18.9-4.4-25.9l-104-112z"
              />
            </svg>
          </th>
          <th
            style={
              {
                "minWidth": "100px",
              }
            }
          >
            Ville
            <svg
              className="sort-svg-light"
              data-testid="sort-arrow"
              onClick={[Function]}
              viewBox="0 0 256 512"
              xmlns="http://www.w3.org/2000/svg"
            >
              <path
                d="M145.6 7.7C141 2.8 134.7 0 128 0s-13 2.8-17.6 7.7l-104 112c-6.5 7-8.2 17.2-4.4 25.9S14.5 160 24 160H80V352H24c-9.5 0-18.2 5.7-22 14.4s-2.1 18.9 4.4 25.9l104 112c4.5 4.9 10.9 7.7 17.6 7.7s13-2.8 17.6-7.7l104-112c6.5-7 8.2-17.2 4.4-25.9s-12.5-14.4-22-14.4H176V160h56c9.5 0 18.2-5.7 22-14.4s2.1-18.9-4.4-25.9l-104-112z"
              />
            </svg>
          </th>
          <th
            style={
              {
                "minWidth": "40px",
              }
            }
          >
            Etat
            <svg
              className="sort-svg-light"
              data-testid="sort-arrow"
              onClick={[Function]}
              viewBox="0 0 256 512"
              xmlns="http://www.w3.org/2000/svg"
            >
              <path
                d="M145.6 7.7C141 2.8 134.7 0 128 0s-13 2.8-17.6 7.7l-104 112c-6.5 7-8.2 17.2-4.4 25.9S14.5 160 24 160H80V352H24c-9.5 0-18.2 5.7-22 14.4s-2.1 18.9 4.4 25.9l104 112c4.5 4.9 10.9 7.7 17.6 7.7s13-2.8 17.6-7.7l104-112c6.5-7 8.2-17.2 4.4-25.9s-12.5-14.4-22-14.4H176V160h56c9.5 0 18.2-5.7 22-14.4s2.1-18.9-4.4-25.9l-104-112z"
              />
            </svg>
          </th>
          <th
            style={
              {
                "minWidth": "70px",
              }
            }
          >
            Code Postal
            <svg
              className="sort-svg-light"
              data-testid="sort-arrow"
              onClick={[Function]}
              viewBox="0 0 256 512"
              xmlns="http://www.w3.org/2000/svg"
            >
              <path
                d="M145.6 7.7C141 2.8 134.7 0 128 0s-13 2.8-17.6 7.7l-104 112c-6.5 7-8.2 17.2-4.4 25.9S14.5 160 24 160H80V352H24c-9.5 0-18.2 5.7-22 14.4s-2.1 18.9 4.4 25.9l104 112c4.5 4.9 10.9 7.7 17.6 7.7s13-2.8 17.6-7.7l104-112c6.5-7 8.2-17.2 4.4-25.9s-12.5-14.4-22-14.4H176V160h56c9.5 0 18.2-5.7 22-14.4s2.1-18.9-4.4-25.9l-104-112z"
              />
            </svg>
          </th>
          <th
            style={
              {
                "minWidth": "100px",
              }
            }
          >
            Departement
            <svg
              className="sort-svg-light"
              data-testid="sort-arrow"
              onClick={[Function]}
              viewBox="0 0 256 512"
              xmlns="http://www.w3.org/2000/svg"
            >
              <path
                d="M145.6 7.7C141 2.8 134.7 0 128 0s-13 2.8-17.6 7.7l-104 112c-6.5 7-8.2 17.2-4.4 25.9S14.5 160 24 160H80V352H24c-9.5 0-18.2 5.7-22 14.4s-2.1 18.9 4.4 25.9l104 112c4.5 4.9 10.9 7.7 17.6 7.7s13-2.8 17.6-7.7l104-112c6.5-7 8.2-17.2 4.4-25.9s-12.5-14.4-22-14.4H176V160h56c9.5 0 18.2-5.7 22-14.4s2.1-18.9-4.4-25.9l-104-112z"
              />
            </svg>
          </th>
        </tr>
      </thead>
      <tbody>
        <tr
          className="table-row-light"
          onClick={[Function]}
        >
          <td
            className=""
            data-testid="cell"
          >
            ATEST
          </td>
          <td
            className=""
            data-testid="cell"
          >
            XTEST
          </td>
          <td
            className=""
            data-testid="cell"
          >
            12/29/0022
          </td>
          <td
            className=""
            data-testid="cell"
          >
            01/09/1992
          </td>
          <td
            className=""
            data-testid="cell"
          >
            AB Street
          </td>
          <td
            className=""
            data-testid="cell"
          >
            AB City
          </td>
          <td
            className=""
            data-testid="cell"
          >
            AL
          </td>
          <td
            className=""
            data-testid="cell"
          >
            0000
          </td>
          <td
            className=""
            data-testid="cell"
          >
            LLLL
          </td>
        </tr>
        <tr
          className="table-row-light"
          onClick={[Function]}
        >
          <td
            className=""
            data-testid="cell"
          >
            BTEST
          </td>
          <td
            className=""
            data-testid="cell"
          >
            WTEST
          </td>
          <td
            className=""
            data-testid="cell"
          >
            07/08/0032
          </td>
          <td
            className=""
            data-testid="cell"
          >
            01/19/2020
          </td>
          <td
            className=""
            data-testid="cell"
          >
            CD Street
          </td>
          <td
            className=""
            data-testid="cell"
          >
            CD  City
          </td>
          <td
            className=""
            data-testid="cell"
          >
            AK
          </td>
          <td
            className=""
            data-testid="cell"
          >
            1111
          </td>
          <td
            className=""
            data-testid="cell"
          >
            KKKK
          </td>
        </tr>
        <tr
          className="table-row-light"
          onClick={[Function]}
        >
          <td
            className=""
            data-testid="cell"
          >
            CTEST
          </td>
          <td
            className=""
            data-testid="cell"
          >
            VTEST
          </td>
          <td
            className=""
            data-testid="cell"
          >
            07/18/0050
          </td>
          <td
            className=""
            data-testid="cell"
          >
            02/09/2023
          </td>
          <td
            className=""
            data-testid="cell"
          >
            EF Street
          </td>
          <td
            className=""
            data-testid="cell"
          >
            EF  City
          </td>
          <td
            className=""
            data-testid="cell"
          >
            AZ
          </td>
          <td
            className=""
            data-testid="cell"
          >
            2222
          </td>
          <td
            className=""
            data-testid="cell"
          >
            JJJJ
          </td>
        </tr>
        <tr
          className="table-row-light"
          onClick={[Function]}
        >
          <td
            className=""
            data-testid="cell"
          >
            DTEST
          </td>
          <td
            className=""
            data-testid="cell"
          >
            UTEST
          </td>
          <td
            className=""
            data-testid="cell"
          >
            02/11/1999
          </td>
          <td
            className=""
            data-testid="cell"
          >
            02/31/2019
          </td>
          <td
            className=""
            data-testid="cell"
          >
            GH Street
          </td>
          <td
            className=""
            data-testid="cell"
          >
            GH City
          </td>
          <td
            className=""
            data-testid="cell"
          >
            AR
          </td>
          <td
            className=""
            data-testid="cell"
          >
            3333
          </td>
          <td
            className=""
            data-testid="cell"
          >
            IIII
          </td>
        </tr>
        <tr
          className="table-row-light"
          onClick={[Function]}
        >
          <td
            className=""
            data-testid="cell"
          >
            ETEST
          </td>
          <td
            className=""
            data-testid="cell"
          >
            TTEST
          </td>
          <td
            className=""
            data-testid="cell"
          >
            02/13/1981
          </td>
          <td
            className=""
            data-testid="cell"
          >
            07/10/1998
          </td>
          <td
            className=""
            data-testid="cell"
          >
            IJ Street
          </td>
          <td
            className=""
            data-testid="cell"
          >
            IJ City
          </td>
          <td
            className=""
            data-testid="cell"
          >
            CA
          </td>
          <td
            className=""
            data-testid="cell"
          >
            4444
          </td>
          <td
            className=""
            data-testid="cell"
          >
            HHHH
          </td>
        </tr>
        <tr
          className="table-row-light"
          onClick={[Function]}
        >
          <td
            className=""
            data-testid="cell"
          >
            FTEST
          </td>
          <td
            className=""
            data-testid="cell"
          >
            STEST
          </td>
          <td
            className=""
            data-testid="cell"
          >
            10/03/1982
          </td>
          <td
            className=""
            data-testid="cell"
          >
            05/29/1997
          </td>
          <td
            className=""
            data-testid="cell"
          >
            KL Street
          </td>
          <td
            className=""
            data-testid="cell"
          >
            KL City
          </td>
          <td
            className=""
            data-testid="cell"
          >
            CO
          </td>
          <td
            className=""
            data-testid="cell"
          >
            5555
          </td>
          <td
            className=""
            data-testid="cell"
          >
            GGGG
          </td>
        </tr>
        <tr
          className="table-row-light"
          onClick={[Function]}
        >
          <td
            className=""
            data-testid="cell"
          >
            GTEST
          </td>
          <td
            className=""
            data-testid="cell"
          >
            RTEST
          </td>
          <td
            className=""
            data-testid="cell"
          >
            12/23/1962
          </td>
          <td
            className=""
            data-testid="cell"
          >
            11/25/2001
          </td>
          <td
            className=""
            data-testid="cell"
          >
            MN Street
          </td>
          <td
            className=""
            data-testid="cell"
          >
            MN City
          </td>
          <td
            className=""
            data-testid="cell"
          >
            CT
          </td>
          <td
            className=""
            data-testid="cell"
          >
            6666
          </td>
          <td
            className=""
            data-testid="cell"
          >
            FFFF
          </td>
        </tr>
        <tr
          className="table-row-light"
          onClick={[Function]}
        >
          <td
            className=""
            data-testid="cell"
          >
            HTEST
          </td>
          <td
            className=""
            data-testid="cell"
          >
            QTEST
          </td>
          <td
            className=""
            data-testid="cell"
          >
            10/08/1948
          </td>
          <td
            className=""
            data-testid="cell"
          >
            08/10/1990
          </td>
          <td
            className=""
            data-testid="cell"
          >
            OP Street
          </td>
          <td
            className=""
            data-testid="cell"
          >
            OP City
          </td>
          <td
            className=""
            data-testid="cell"
          >
            ID
          </td>
          <td
            className=""
            data-testid="cell"
          >
            7777
          </td>
          <td
            className=""
            data-testid="cell"
          >
            EEEE
          </td>
        </tr>
        <tr
          className="table-row-light"
          onClick={[Function]}
        >
          <td
            className=""
            data-testid="cell"
          >
            ITEST
          </td>
          <td
            className=""
            data-testid="cell"
          >
            PTEST
          </td>
          <td
            className=""
            data-testid="cell"
          >
            12/16/1983
          </td>
          <td
            className=""
            data-testid="cell"
          >
            06/01/2014
          </td>
          <td
            className=""
            data-testid="cell"
          >
            QR Street
          </td>
          <td
            className=""
            data-testid="cell"
          >
            QR City
          </td>
          <td
            className=""
            data-testid="cell"
          >
            IA
          </td>
          <td
            className=""
            data-testid="cell"
          >
            8888
          </td>
          <td
            className=""
            data-testid="cell"
          >
            DDDD
          </td>
        </tr>
        <tr
          className="table-row-light"
          onClick={[Function]}
        >
          <td
            className=""
            data-testid="cell"
          >
            JTEST
          </td>
          <td
            className=""
            data-testid="cell"
          >
            OTEST
          </td>
          <td
            className=""
            data-testid="cell"
          >
            01/11/1978
          </td>
          <td
            className=""
            data-testid="cell"
          >
            03/17/2000
          </td>
          <td
            className=""
            data-testid="cell"
          >
            ST Street
          </td>
          <td
            className=""
            data-testid="cell"
          >
            ST City
          </td>
          <td
            className=""
            data-testid="cell"
          >
            KS
          </td>
          <td
            className=""
            data-testid="cell"
          >
            9999
          </td>
          <td
            className=""
            data-testid="cell"
          >
            CCCC
          </td>
        </tr>
        <tr
          className="table-row-light"
          onClick={[Function]}
        >
          <td
            className=""
            data-testid="cell"
          >
            KTEST
          </td>
          <td
            className=""
            data-testid="cell"
          >
            NTEST
          </td>
          <td
            className=""
            data-testid="cell"
          >
            10/14/1988
          </td>
          <td
            className=""
            data-testid="cell"
          >
            08/21/2009
          </td>
          <td
            className=""
            data-testid="cell"
          >
            UV Street
          </td>
          <td
            className=""
            data-testid="cell"
          >
            UV City
          </td>
          <td
            className=""
            data-testid="cell"
          >
            WA
          </td>
          <td
            className=""
            data-testid="cell"
          >
            1010
          </td>
          <td
            className=""
            data-testid="cell"
          >
            BBBB
          </td>
        </tr>
        <tr
          className="table-row-light"
          onClick={[Function]}
        >
          <td
            className=""
            data-testid="cell"
          >
            LTEST
          </td>
          <td
            className=""
            data-testid="cell"
          >
            MTEST
          </td>
          <td
            className=""
            data-testid="cell"
          >
            07/18/1050
          </td>
          <td
            className=""
            data-testid="cell"
          >
            02/09/2013
          </td>
          <td
            className=""
            data-testid="cell"
          >
            WX Street
          </td>
          <td
            className=""
            data-testid="cell"
          >
            WX City
          </td>
          <td
            className=""
            data-testid="cell"
          >
            WI
          </td>
          <td
            className=""
            data-testid="cell"
          >
            1212
          </td>
          <td
            className=""
            data-testid="cell"
          >
            AAAA
          </td>
        </tr>
      </tbody>
    </table>
  </div>
</div>
`;
