// Vitest Snapshot v1

exports[`List > List component renders correctly 1`] = `
<div
  className="listContainer light"
>
  <div
    className="listContainer-content"
  >
    <h1
      data-testid="title"
    >
      TITLE
    </h1>
    <form
      className="search"
      onSubmit={[Function]}
    >
      <label
        htmlFor="search"
      >
        Search
      </label>
      <input
        className="light"
        id="search"
        name="search"
      />
      <button
        className="light"
      >
        Search
      </button>
    </form>
    <div
      className="table-container-pagination"
    >
      <form
        className="table-container-pagination-select"
      >
        <label
          className="light"
          htmlFor="nbOfRows"
        >
          Rows per page :
        </label>
        <select
          defaultValue={10}
          id="nbOfRows-list"
          onChange={[Function]}
        >
          <option
            value="5"
          >
            5
          </option>
          <option
            value="10"
          >
            10
          </option>
          <option
            value="15"
          >
            15
          </option>
          <option
            value="20"
          >
            20
          </option>
        </select>
      </form>
      <div
        className="table-container-pagination-btnContainer light"
      >
        <button
          className="table-container-pagination-btnContainer-btn"
          onClick={[Function]}
        >
          <svg
            className="arrow-previous"
            viewBox="0 0 384 512"
            xmlns="http://www.w3.org/2000/svg"
          >
            <path
              d="M214.6 41.4c-12.5-12.5-32.8-12.5-45.3 0l-160 160c-12.5 12.5-12.5 32.8 0 45.3s32.8 12.5 45.3 0L160 141.2V448c0 17.7 14.3 32 32 32s32-14.3 32-32V141.2L329.4 246.6c12.5 12.5 32.8 12.5 45.3 0s12.5-32.8 0-45.3l-160-160z"
            />
          </svg>
        </button>
        <div
          className="table-container-pagination-btnContainer-currentPage"
        >
          1
        </div>
        <button
          className="table-container-pagination-btnContainer-btn"
          onClick={[Function]}
        >
          <svg
            className="arrow-next"
            viewBox="0 0 384 512"
            xmlns="http://www.w3.org/2000/svg"
          >
            <path
              d="M214.6 41.4c-12.5-12.5-32.8-12.5-45.3 0l-160 160c-12.5 12.5-12.5 32.8 0 45.3s32.8 12.5 45.3 0L160 141.2V448c0 17.7 14.3 32 32 32s32-14.3 32-32V141.2L329.4 246.6c12.5 12.5 32.8 12.5 45.3 0s12.5-32.8 0-45.3l-160-160z"
            />
          </svg>
        </button>
      </div>
    </div>
    <div
      className="table-container"
    >
      <table
        className="table"
      >
        <thead
          className="table-header"
        >
          <tr
            className="table-header-row-light"
          >
            <th>
              FirstName
              <svg
                className="sort-svg-light"
                onClick={[Function]}
                viewBox="0 0 256 512"
                xmlns="http://www.w3.org/2000/svg"
              >
                <path
                  d="M145.6 7.7C141 2.8 134.7 0 128 0s-13 2.8-17.6 7.7l-104 112c-6.5 7-8.2 17.2-4.4 25.9S14.5 160 24 160H80V352H24c-9.5 0-18.2 5.7-22 14.4s-2.1 18.9 4.4 25.9l104 112c4.5 4.9 10.9 7.7 17.6 7.7s13-2.8 17.6-7.7l104-112c6.5-7 8.2-17.2 4.4-25.9s-12.5-14.4-22-14.4H176V160h56c9.5 0 18.2-5.7 22-14.4s2.1-18.9-4.4-25.9l-104-112z"
                />
              </svg>
            </th>
            <th>
              LastName
              <svg
                className="sort-svg-light"
                onClick={[Function]}
                viewBox="0 0 256 512"
                xmlns="http://www.w3.org/2000/svg"
              >
                <path
                  d="M145.6 7.7C141 2.8 134.7 0 128 0s-13 2.8-17.6 7.7l-104 112c-6.5 7-8.2 17.2-4.4 25.9S14.5 160 24 160H80V352H24c-9.5 0-18.2 5.7-22 14.4s-2.1 18.9 4.4 25.9l104 112c4.5 4.9 10.9 7.7 17.6 7.7s13-2.8 17.6-7.7l104-112c6.5-7 8.2-17.2 4.4-25.9s-12.5-14.4-22-14.4H176V160h56c9.5 0 18.2-5.7 22-14.4s2.1-18.9-4.4-25.9l-104-112z"
                />
              </svg>
            </th>
            <th>
              BirthDate
              <svg
                className="sort-svg-light"
                onClick={[Function]}
                viewBox="0 0 256 512"
                xmlns="http://www.w3.org/2000/svg"
              >
                <path
                  d="M145.6 7.7C141 2.8 134.7 0 128 0s-13 2.8-17.6 7.7l-104 112c-6.5 7-8.2 17.2-4.4 25.9S14.5 160 24 160H80V352H24c-9.5 0-18.2 5.7-22 14.4s-2.1 18.9 4.4 25.9l104 112c4.5 4.9 10.9 7.7 17.6 7.7s13-2.8 17.6-7.7l104-112c6.5-7 8.2-17.2 4.4-25.9s-12.5-14.4-22-14.4H176V160h56c9.5 0 18.2-5.7 22-14.4s2.1-18.9-4.4-25.9l-104-112z"
                />
              </svg>
            </th>
            <th>
              StartDate
              <svg
                className="sort-svg-light"
                onClick={[Function]}
                viewBox="0 0 256 512"
                xmlns="http://www.w3.org/2000/svg"
              >
                <path
                  d="M145.6 7.7C141 2.8 134.7 0 128 0s-13 2.8-17.6 7.7l-104 112c-6.5 7-8.2 17.2-4.4 25.9S14.5 160 24 160H80V352H24c-9.5 0-18.2 5.7-22 14.4s-2.1 18.9 4.4 25.9l104 112c4.5 4.9 10.9 7.7 17.6 7.7s13-2.8 17.6-7.7l104-112c6.5-7 8.2-17.2 4.4-25.9s-12.5-14.4-22-14.4H176V160h56c9.5 0 18.2-5.7 22-14.4s2.1-18.9-4.4-25.9l-104-112z"
                />
              </svg>
            </th>
            <th>
              Street
              <svg
                className="sort-svg-light"
                onClick={[Function]}
                viewBox="0 0 256 512"
                xmlns="http://www.w3.org/2000/svg"
              >
                <path
                  d="M145.6 7.7C141 2.8 134.7 0 128 0s-13 2.8-17.6 7.7l-104 112c-6.5 7-8.2 17.2-4.4 25.9S14.5 160 24 160H80V352H24c-9.5 0-18.2 5.7-22 14.4s-2.1 18.9 4.4 25.9l104 112c4.5 4.9 10.9 7.7 17.6 7.7s13-2.8 17.6-7.7l104-112c6.5-7 8.2-17.2 4.4-25.9s-12.5-14.4-22-14.4H176V160h56c9.5 0 18.2-5.7 22-14.4s2.1-18.9-4.4-25.9l-104-112z"
                />
              </svg>
            </th>
            <th>
              City
              <svg
                className="sort-svg-light"
                onClick={[Function]}
                viewBox="0 0 256 512"
                xmlns="http://www.w3.org/2000/svg"
              >
                <path
                  d="M145.6 7.7C141 2.8 134.7 0 128 0s-13 2.8-17.6 7.7l-104 112c-6.5 7-8.2 17.2-4.4 25.9S14.5 160 24 160H80V352H24c-9.5 0-18.2 5.7-22 14.4s-2.1 18.9 4.4 25.9l104 112c4.5 4.9 10.9 7.7 17.6 7.7s13-2.8 17.6-7.7l104-112c6.5-7 8.2-17.2 4.4-25.9s-12.5-14.4-22-14.4H176V160h56c9.5 0 18.2-5.7 22-14.4s2.1-18.9-4.4-25.9l-104-112z"
                />
              </svg>
            </th>
            <th>
              State
              <svg
                className="sort-svg-light"
                onClick={[Function]}
                viewBox="0 0 256 512"
                xmlns="http://www.w3.org/2000/svg"
              >
                <path
                  d="M145.6 7.7C141 2.8 134.7 0 128 0s-13 2.8-17.6 7.7l-104 112c-6.5 7-8.2 17.2-4.4 25.9S14.5 160 24 160H80V352H24c-9.5 0-18.2 5.7-22 14.4s-2.1 18.9 4.4 25.9l104 112c4.5 4.9 10.9 7.7 17.6 7.7s13-2.8 17.6-7.7l104-112c6.5-7 8.2-17.2 4.4-25.9s-12.5-14.4-22-14.4H176V160h56c9.5 0 18.2-5.7 22-14.4s2.1-18.9-4.4-25.9l-104-112z"
                />
              </svg>
            </th>
            <th>
              Zipcode
              <svg
                className="sort-svg-light"
                onClick={[Function]}
                viewBox="0 0 256 512"
                xmlns="http://www.w3.org/2000/svg"
              >
                <path
                  d="M145.6 7.7C141 2.8 134.7 0 128 0s-13 2.8-17.6 7.7l-104 112c-6.5 7-8.2 17.2-4.4 25.9S14.5 160 24 160H80V352H24c-9.5 0-18.2 5.7-22 14.4s-2.1 18.9 4.4 25.9l104 112c4.5 4.9 10.9 7.7 17.6 7.7s13-2.8 17.6-7.7l104-112c6.5-7 8.2-17.2 4.4-25.9s-12.5-14.4-22-14.4H176V160h56c9.5 0 18.2-5.7 22-14.4s2.1-18.9-4.4-25.9l-104-112z"
                />
              </svg>
            </th>
            <th>
              Department
              <svg
                className="sort-svg-light"
                onClick={[Function]}
                viewBox="0 0 256 512"
                xmlns="http://www.w3.org/2000/svg"
              >
                <path
                  d="M145.6 7.7C141 2.8 134.7 0 128 0s-13 2.8-17.6 7.7l-104 112c-6.5 7-8.2 17.2-4.4 25.9S14.5 160 24 160H80V352H24c-9.5 0-18.2 5.7-22 14.4s-2.1 18.9 4.4 25.9l104 112c4.5 4.9 10.9 7.7 17.6 7.7s13-2.8 17.6-7.7l104-112c6.5-7 8.2-17.2 4.4-25.9s-12.5-14.4-22-14.4H176V160h56c9.5 0 18.2-5.7 22-14.4s2.1-18.9-4.4-25.9l-104-112z"
                />
              </svg>
            </th>
          </tr>
        </thead>
        <tbody>
          <tr
            className="table-row-light"
          >
            <td>
              Julie
            </td>
            <td>
              Champ
            </td>
            <td>
              12/29/1989
            </td>
            <td>
              01/09/1992
            </td>
            <td>
              7 Route de Paris
            </td>
            <td>
              Eugene
            </td>
            <td>
              OR
            </td>
            <td>
              0123
            </td>
            <td>
              Marketing
            </td>
          </tr>
          <tr
            className="table-row-light"
          >
            <td>
              Claire
            </td>
            <td>
              Sino
            </td>
            <td>
              07/08/1959
            </td>
            <td>
              01/19/2020
            </td>
            <td>
              A Great Road
            </td>
            <td>
              El Paso
            </td>
            <td>
              TX
            </td>
            <td>
              9876
            </td>
            <td>
              Sales
            </td>
          </tr>
          <tr
            className="table-row-light"
          >
            <td>
              Simon
            </td>
            <td>
              Camus
            </td>
            <td>
              07/18/1909
            </td>
            <td>
              02/09/2023
            </td>
            <td>
              Rue de la paix
            </td>
            <td>
              Orlando
            </td>
            <td>
              AZ
            </td>
            <td>
              0578
            </td>
            <td>
              Consulting
            </td>
          </tr>
          <tr
            className="table-row-light"
          >
            <td>
              Katie
            </td>
            <td>
              Clark
            </td>
            <td>
              07/08/1969
            </td>
            <td>
              02/21/2022
            </td>
            <td>
              Rue du Paradis
            </td>
            <td>
              Seattle
            </td>
            <td>
              WA
            </td>
            <td>
              0000
            </td>
            <td>
              Consulting
            </td>
          </tr>
          <tr
            className="table-row-light"
          >
            <td>
              Jacques
            </td>
            <td>
              Thomas
            </td>
            <td>
              02/13/1981
            </td>
            <td>
              07/10/1998
            </td>
            <td>
              10 Grande Rue
            </td>
            <td>
              Roseburg
            </td>
            <td>
              CA
            </td>
            <td>
              07771
            </td>
            <td>
              Sales
            </td>
          </tr>
          <tr
            className="table-row-light"
          >
            <td>
              Mumu
            </td>
            <td>
              Weim
            </td>
            <td>
              02/11/1999
            </td>
            <td>
              02/31/2019
            </td>
            <td>
              Avenue Magenta
            </td>
            <td>
              Springfield
            </td>
            <td>
              MN
            </td>
            <td>
              92045
            </td>
            <td>
              Engineering
            </td>
          </tr>
          <tr
            className="table-row-light"
          >
            <td>
              Kathlyn
            </td>
            <td>
              Willians
            </td>
            <td>
              10/03/1982
            </td>
            <td>
              05/29/1997
            </td>
            <td>
              254 Main Lane
            </td>
            <td>
              Redmon
            </td>
            <td>
              FL
            </td>
            <td>
              09324
            </td>
            <td>
              Marketing
            </td>
          </tr>
          <tr
            className="table-row-light"
          >
            <td>
              Shannon
            </td>
            <td>
              Boogan
            </td>
            <td>
              12/23/1962
            </td>
            <td>
              11/25/2001
            </td>
            <td>
              Pretty Court
            </td>
            <td>
              Ben
            </td>
            <td>
              ID
            </td>
            <td>
              12048
            </td>
            <td>
              Sales
            </td>
          </tr>
          <tr
            className="table-row-light"
          >
            <td>
              Kaisy
            </td>
            <td>
              Jon
            </td>
            <td>
              10/08/1948
            </td>
            <td>
              08/10/1990
            </td>
            <td>
              Fillmore Street
            </td>
            <td>
              Sisters
            </td>
            <td>
              OR
            </td>
            <td>
              97402
            </td>
            <td>
              Sales
            </td>
          </tr>
          <tr
            className="table-row-light"
          >
            <td>
              Moose
            </td>
            <td>
              Forest
            </td>
            <td>
              12/16/1983
            </td>
            <td>
              06/01/2014
            </td>
            <td>
              Happy Street
            </td>
            <td>
              Plendelton
            </td>
            <td>
              NY
            </td>
            <td>
              345234
            </td>
            <td>
              Consulting
            </td>
          </tr>
          <tr
            className="table-row-light"
          >
            <td>
              Jessica
            </td>
            <td>
              MiddleBridge
            </td>
            <td>
              01/11/1978
            </td>
            <td>
              03/17/2000
            </td>
            <td>
              Salmon Lane
            </td>
            <td>
              Burley
            </td>
            <td>
              KS
            </td>
            <td>
              2452345
            </td>
            <td>
              Sales
            </td>
          </tr>
          <tr
            className="table-row-light"
          >
            <td>
              Skippy Jon
            </td>
            <td>
              Jones
            </td>
            <td>
              10/14/1988
            </td>
            <td>
              08/21/2009
            </td>
            <td>
              Avenue Somewhere
            </td>
            <td>
              Skinner
            </td>
            <td>
              OH
            </td>
            <td>
              24624523
            </td>
            <td>
              Engineering
            </td>
          </tr>
        </tbody>
      </table>
    </div>
  </div>
</div>
`;
